[www.taborslapanice.cz/index.html]
[backblue.gif]
[fade.gif]
[index.html]
[duyn491kcolsw.cloudfront.net/files/0r/0rk/0rklmmcfbe.css]
[duyn491kcolsw.cloudfront.net/files/2e/2e5/2e5qghcfbe.css]
[duyn491kcolsw.cloudfront.net/files/41/41k/41kc5icfbe.css]
[duyn491kcolsw.cloudfront.net/files/3b/3b2/3b2e8ecfbe.css]
[duyn491kcolsw.cloudfront.net/files/3i/3ik/3ikbm2cfbe.css]
[duyn491kcolsw.cloudfront.net/files/39/39q/39qewdcfbe.css]
[duyn491kcolsw.cloudfront.net/files/28/28l/28lqrycfbe.css]
[duyn491kcolsw.cloudfront.net/files/1u/1uz/1uzze2cfbe.css]
[duyn491kcolsw.cloudfront.net/client/js.polyfill/container-query-polyfill.modern.js]
[duyn491kcolsw.cloudfront.net/files/2m/2m8/2m8msccfbe.css]
[464c617437.clvaw-cdnwnd.com/9eacbd4206c522c4a6feddc3367114de/200000031-aef4aaef4c/screenshot 2022-02-26 at 0.07.46cfbe.png]
[duyn491kcolsw.cloudfront.net/files/1r/1ri/1rifm6cfbe.jpg]
[464c617437.clvaw-cdnwnd.com/9eacbd4206c522c4a6feddc3367114de/200000000-18f5118f54/_MG_0162cfbe.jpg]
[duyn491kcolsw.cloudfront.net/files/1k/1kv/1kvudrcfbe.jpg]
[464c617437.clvaw-cdnwnd.com/9eacbd4206c522c4a6feddc3367114de/200000088-c8dacc8dae/obrázek_2025-01-16_200939743cfbe.jpg]
[464c617437.clvaw-cdnwnd.com/9eacbd4206c522c4a6feddc3367114de/200000005-f1323f1326/IMG_0714cfbe.jpg]
[www.taborslapanice.cz/o-nas/index.html]
[464c617437.clvaw-cdnwnd.com/9eacbd4206c522c4a6feddc3367114de/200000129-04bad04baf/IMG_1596cfbe.jpg]
[464c617437.clvaw-cdnwnd.com/9eacbd4206c522c4a6feddc3367114de/200000125-dd692dd694/BBE65520-FD63-4CE1-B8CF-018F6E28EBF2cfbe.jpg]
[www.taborslapanice.cz/aktuality/index.html]
[www.taborslapanice.cz/index/index.html]
[www.taborslapanice.cz/ke-stazeni/index.html]
[464c617437.clvaw-cdnwnd.com/9eacbd4206c522c4a6feddc3367114de/200000070-a8b70a8b72/obrázek_2025-01-21_172947205cfbe.png]
[www.taborslapanice.cz/fotogalerie/index.html]
[duyn491kcolsw.cloudfront.net/files/1e/1ef/1ef1hucfbe.jpg]
[www.taborslapanice.cz/kontakt/index.html]
[www.taborslapanice.cz/l/new/index.html]
[464c617437.clvaw-cdnwnd.com/9eacbd4206c522c4a6feddc3367114de/200000012-d1bffd1c01/IMG_1216cfbe.jpg]
[www.taborslapanice.cz/l/bude-vikendovka-naloucany-3-5-10-2025/index.html]
[464c617437.clvaw-cdnwnd.com/9eacbd4206c522c4a6feddc3367114de/200000007-3b72b3b72d/IMG_0892cfbe.jpg]
[464c617437.clvaw-cdnwnd.com/9eacbd4206c522c4a6feddc3367114de/200000002-ccc45ccc47/IMG_0271cfbe.jpg]
[www.taborslapanice.cz/l/bude-se-konat!_-vikendovka-strojatin-21-–⁠⁠⁠⁠⁠⁠⁠⁠⁠⁠⁠⁠⁠⁠23-unora/index.html]
[duyn491kcolsw.cloudfront.net/files/3e/3em/3eml8vcfbe.js]
[duyn491kcolsw.cloudfront.net/client.fe/js.compiled/lang.cz.2095cfbe.js]
[www.taborslapanice.cz/index.html]
[duyn491kcolsw.cloudfront.net/files/0r/0rk/0rklmmcfbe.css]
[duyn491kcolsw.cloudfront.net/files/2e/2e5/2e5qghcfbe.css]
[duyn491kcolsw.cloudfront.net/client.fe/js.compiled/compiled.multi.2-2201cfbe.js]
[duyn491kcolsw.cloudfront.net/files/3p/3pq/3pq60x.png]
[duyn491kcolsw.cloudfront.net/files/41/41k/41kc5icfbe.css]
[duyn491kcolsw.cloudfront.net/files/3b/3b2/3b2e8ecfbe.css]
[duyn491kcolsw.cloudfront.net/files/3i/3ik/3ikbm2cfbe.css]
[duyn491kcolsw.cloudfront.net/files/39/39q/39qewdcfbe.css]
[duyn491kcolsw.cloudfront.net/files/33/33z/33ze4kcfbe.css]
[duyn491kcolsw.cloudfront.net/files/28/28l/28lqrycfbe.css]
[duyn491kcolsw.cloudfront.net/files/1u/1uz/1uzze2cfbe.css]
[duyn491kcolsw.cloudfront.net/files/2m/2m8/2m8msccfbe.css]
[www.taborslapanice.cz/home/index.html]
[464c617437.clvaw-cdnwnd.com/9eacbd4206c522c4a6feddc3367114de/200000020-14a1f14a21/_MG_1895cfbe.jpg]
[www.taborslapanice.cz/o-nas/index.html]
[www.taborslapanice.cz/l/bude-se-konat-vylet-do-vida-parku/index.html]
[464c617437.clvaw-cdnwnd.com/9eacbd4206c522c4a6feddc3367114de/200000062-6287d62880/obrázek_2024-11-14_211806017cfbe.png]
[464c617437.clvaw-cdnwnd.com/9eacbd4206c522c4a6feddc3367114de/200000059-1d61b1d61d/Screenshot 2024-10-15 at 10.03.36cfbe.png]
[464c617437.clvaw-cdnwnd.com/9eacbd4206c522c4a6feddc3367114de/200000029-a29dca29de/image_2024-08-19_115119640cfbe.png]
[464c617437.clvaw-cdnwnd.com/9eacbd4206c522c4a6feddc3367114de/200000055-ca0d6ca0d8/Note 19. 8. 2024-2cfbe.png]
[464c617437.clvaw-cdnwnd.com/9eacbd4206c522c4a6feddc3367114de/200000022-e0968e096b/454844541_8623177021044036_4542466608411535269_ncfbe.jpg]
[464c617437.clvaw-cdnwnd.com/9eacbd4206c522c4a6feddc3367114de/200000051-48afd48afe/image_2024-08-19_124751110cfbe.png]
[www.taborslapanice.cz/aktuality/index.html]
[www.taborslapanice.cz/l/tsd-ve-slapanickem-zpravodaji-2024/index.html]
[www.taborslapanice.cz/l/vikendovka-cucice/index.html]
[www.taborslapanice.cz/l/probehne-taborove-odpoledne-20-9/index.html]
[www.taborslapanice.cz/index/index.html]
[www.taborslapanice.cz/l/detske-odpoledne-slapanicke-slavnosti/index.html]
[www.taborslapanice.cz/l/hygienici-kontroluji-detske-letni-tabory/index.html]
[www.taborslapanice.cz/ke-stazeni/index.html]
[464c617437.clvaw-cdnwnd.com/9eacbd4206c522c4a6feddc3367114de/200000015-d751fd7521/IMG_1323cfbe.jpg]
[464c617437.clvaw-cdnwnd.com/9eacbd4206c522c4a6feddc3367114de/200000003-04b3604b3b/IMG_0099cfbe.jpg]
[464c617437.clvaw-cdnwnd.com/9eacbd4206c522c4a6feddc3367114de/200000009-8bf908bf93/IMG_0893cfbe.jpg]
[www.taborslapanice.cz/fotogalerie/index.html]
[464c617437.clvaw-cdnwnd.com/9eacbd4206c522c4a6feddc3367114de/200000041-36cfa36cfc/image_2024-08-19_122558936cfbe.png]
[464c617437.clvaw-cdnwnd.com/9eacbd4206c522c4a6feddc3367114de/200000043-a23a8a23aa/image_2024-08-19_122700127cfbe.png]
[464c617437.clvaw-cdnwnd.com/9eacbd4206c522c4a6feddc3367114de/200000033-9cab49cab6/image_2024-08-19_121556160cfbe.png]
[464c617437.clvaw-cdnwnd.com/9eacbd4206c522c4a6feddc3367114de/200000027-b9d11b9d13/image_2024-08-19_114527422cfbe.png]
[464c617437.clvaw-cdnwnd.com/9eacbd4206c522c4a6feddc3367114de/200000035-0168201684/image_2024-08-19_121643128cfbe.png]
[www.taborslapanice.cz/kontakt/index.html]
[connect.facebook.net/cs_CZ/sdk.js]
[www.taborslapanice.cz/l/new/index.html]
[www.taborslapanice.cz/l/bude-vikendovka-naloucany-3-5-10-2025/index.html]
[www.taborslapanice.cz/l/bude-se-konat!_-vikendovka-strojatin-21-–⁠⁠⁠⁠⁠⁠⁠⁠⁠⁠⁠⁠⁠⁠23-unora/index.html]
[platform.twitter.com/widgets.js]
[www.taborslapanice.cz/l/bude-se-konat-vylet-do-vida-parku/index.html]
[www.taborslapanice.cz/l/tsd-ve-slapanickem-zpravodaji-2024/index.html]
[www.taborslapanice.cz/l/vikendovka-cucice/index.html]
[www.taborslapanice.cz/l/probehne-taborove-odpoledne-20-9/index.html]
[www.taborslapanice.cz/l/detske-odpoledne-slapanicke-slavnosti/index.html]
[464c617437.clvaw-cdnwnd.com/9eacbd4206c522c4a6feddc3367114de/200000049-b2706b2709/image_2024-08-19_124729530cfbe.png]
[www.taborslapanice.cz/l/hygienici-kontroluji-detske-letni-tabory/index.html]
[connect.facebook.net/cs_CZ/sdk.js]
